// Jest Snapshot v1, https://goo.gl/fbAQLP

exports[`render 1`] = `
<View
  style={
    Object {
      "flex": 1,
    }
  }
>
  <View />
  <View
    style={
      Object {
        "alignItems": "center",
        "flex": 1,
        "justifyContent": "center",
      }
    }
  >
    <Text>
      All caught up!
    </Text>
  </View>
</View>
`;
