// Jest Snapshot v1, https://goo.gl/fbAQLP

exports[`profileContainer renders 1`] = `null`;
