// Jest Snapshot v1, https://goo.gl/fbAQLP

exports[`render 1`] = `
<View
  style={
    Object {
      "alignItems": "center",
      "flex": 1,
      "justifyContent": "center",
    }
  }
>
  <ActivityIndicator
    animating={true}
    color="#4b9ec1"
    hidesWhenStopped={true}
    size="large"
  />
  <Text
    style={
      Object {
        "color": "#4b9ec1",
        "textAlign": "center",
      }
    }
  >
    Loading Ride...
  </Text>
</View>
`;
